3mvkam2tp6c2k
3mvk7lvs6wd2k
3mvk7fnjhai26
3mvk75ytg622l
3mvk6xut77i2g
3mvk6ijaz7h2h
3mvk6f5nvd52l
3mvk5wz5gtq26
3mvm3hskxm22x
3mvm6zechp42f
3mvm6qt4op72z
3mvm6m54fd72z
3mvm6ihvoy72j
3mvm6e6jbya2f
3mvm6dlwcwa2f
3mvm6culdgp26
3mvm6axijpx26
3mvm662u2nr2r
3mvm62mk7ft23
3mvm5z4wj5z2j
3mvm5kbv6a723
3mvm3ibdshk2x
3mvnj5letvh2g
3mvnusrr3yf26
3mvojkfanh22f
3mvoj7h3e4c2f
3mvoj66q5qs2f
3mvoivp4qqs2f
3mvohrfqqre2z
3mvophnarjx26
3mvooiyp5tl2l
3mvooh5ztny2k
3mvoog2pgm72f
3mvooermnrk26
3mvoodgkpqn26
3mvoobrdnyc2p
3mvoo55x5bk2p
3mvonvtihdk2p
3mvok4jxpnk2f
3mvp5feq7o42k
3mvp4oask5n2h
3mvp4mcbljh2b
3mvp4hpnmd52h
3mvp4dzie7s2g
3mvp4abszin2a
3mvp47pplsp2j
3mvpw43juvn26
3mvpvv2h4yp2h
3mvpttr2gwv23
3mvptqbq6rt2g
3mvq6ascik52k
3mvroce2a6l2k
3mvrnufpkdd2b
3mvrnt37uja2k
3mvrnnboq6423
3mvrnhbvzje26
3mvrncnnmfa26
3mvtpz73qm226
3mvx7bkhkep2h
3mvx6vzmrac2j
3mvx6omp3uq2z
3mvx5ndiwl52b
3mvzhz3qh6s2w
3mvzhmn2y2q2h
3mw3yfu5egh2r
3mw46bxwmmh2z
3mw6o55fn2l2r
3mwcrxba3jj2a
3mwdclog5oe2a
3mwdz34aja52e
3mwdyxbszez25
3mwdyjgspix2r
3mwdygaxtga2a
3mwdy77ey5t2e
3mwdxy7tmzy2y
3mwdxfivjlc2h
3mwedgwhama2o
3mwed7xl7tn2q
3mwecxfr3ce2p
3mwftaql5ns2a
3mwitypr5tq2i
3mwism52zo625
3mwisjdgyyw2h
3mwiki2xk5z2z
3mwiiewxliz2i
3mwii2hkaqt25
3mwihogt7zx25
3mwihk6pwcp2z
3mwiuuic2i22c
3mwiuk24tc62e
3mwkdafr2lv2a
3mwllqp7aml2q
3mwl4atfiym2a
3mwl3xqdzb22n
3mwl3webtcx2o
3mwl3kc3nej2n
3mwl35aiagv25
3mwl2v6tu542r
3mwl2kyyhek25
3mwpez2jmz42h
3mwpexcmhla2i
3mwpeteb3ut25
3mwpemacxtd2r
3mwpelf735m2o
3mwpefcx3bi2z
3mwpec4d4ee2r
3mwpe66mtu22a
3mwpe2c5kmo2z
3mwr7addlxc2r
3mwsajlsqga2h
3mws4ud5ehn2c
3mwrzdsni2p2r
3mwrz2d5ghp2a
3mwry23kohi2i
3mwrxud3acn2q
3mwrxnoxezp2o
3mwrx3m5fb32q
3mwrwsfoowg2p
3mwrwduxmpu25
3mwrvzj7q4u2a
3mwrvu5mylu2n
3mwrvp4vrod2r
3mwrvhxkyvg2i
3mwrv6vbiwz2r
3mwrv2imyol2p
3mwruxbolmo2c
3mwrurnp5dj2y
3mwrumux3uf2n
3mwrukflm7u2c
